[36mvite v7.3.0 [32mbuilding client environment for production...[36m[39m
transforming...
[32mΓ£ô[39m 4 modules transformed.
node.exe : [31mΓ£ù[39m Build 
failed in 927ms
At line:1 char:1
+ & "C:\Program 
Files\nodejs/node.exe" 
"C:\Program 
Files\nodejs/node_mo ...
+ ~~~~~~~~~~~~~~~~~~~~~~~~~~~~~~
~~~~~~~~~~~~~~~~~~~~~~~~~~~~~~~~
~~~~~~~
    + CategoryInfo          :   
  NotSpecified: ([31mΓ£ù[3    
9m Build failed in 927ms:S    
tring) [], RemoteException
    + FullyQualifiedErrorId :   
  NativeCommandError
 
[31merror during build:
[31m[vite:css] [postcss] C:/Use
rs/adiya/hipster-cafe/src/index.
css:61:5: The 
`shadow-[0_4px_24px_rgba(44,` 
class does not exist. If 
`shadow-[0_4px_24px_rgba(44,` 
is a custom class, make sure it 
is defined within a `@layer` 
directive.[31m
file: [36mC:/Users/adiya/hipste
r-cafe/src/index.css:61:4[31m
    at Input.error (C:\Users\adi
ya\hipster-cafe\node_modules\pos
tcss\lib\input.js:135:16)
    at AtRule.error (C:\Users\ad
iya\hipster-cafe\node_modules\po
stcss\lib\node.js:146:32)
    at processApply (C:\Users\ad
iya\hipster-cafe\node_modules\ta
ilwindcss\lib\lib\expandApplyAtR
ules.js:380:29)
    at C:\Users\adiya\hipster-ca
fe\node_modules\tailwindcss\lib\
lib\expandApplyAtRules.js:551:9
    at C:\Users\adiya\hipster-ca
fe\node_modules\tailwindcss\lib\
processTailwindFeatures.js:55:50
    at async plugins (C:\Users\a
diya\hipster-cafe\node_modules\t
ailwindcss\lib\plugin.js:38:17)
    at async 
LazyResult.runAsync (C:\Users\ad
iya\hipster-cafe\node_modules\po
stcss\lib\lazy-result.js:293:11)
    at async runPostCSS (file://
/C:/Users/adiya/hipster-cafe/nod
e_modules/vite/dist/node/chunks/
config.js:30144:19)
    at async compilePostCSS (fil
e:///C:/Users/adiya/hipster-cafe
/node_modules/vite/dist/node/chu
nks/config.js:30128:6)
    at async compileCSS (file://
/C:/Users/adiya/hipster-cafe/nod
e_modules/vite/dist/node/chunks/
config.js:30058:26)[39m
